=== [1/5] Build clean Hermes image ===
> docker build --progress=plain --file E:\TencentDB\提交作业\memory-rhinobird-homework\heshiyu\week3\3-full-pipeline\evidence\final-20260909\Dockerfile --build-arg HERMES_VERSION=0.20.6 -t hermes-week3:0.20.6 E:\TencentDB\提交作业\memory-rhinobird-homework\heshiyu\week3\3-full-pipeline
#0 building with "desktop-linux" instance using docker driver

#1 [internal] load build definition from Dockerfile
#1 transferring dockerfile: 6.19kB done
#1 DONE 0.0s

#2 resolve image config for docker-image://docker.io/docker/dockerfile:1
#2 DONE 2.9s

#3 docker-image://docker.io/docker/dockerfile:1@sha256:ecfaec9ed6d810b56388c508f4121597bfbba70d41a6dfeee4d8cad5f295fc32
#3 resolve docker.io/docker/dockerfile:1@sha256:ecfaec9ed6d810b56388c508f4121597bfbba70d41a6dfeee4d8cad5f295fc32
#3 resolve docker.io/docker/dockerfile:1@sha256:ecfaec9ed6d810b56388c508f4121597bfbba70d41a6dfeee4d8cad5f295fc32 2.7s done
#3 CACHED

#4 [internal] load metadata for docker.io/library/node:22-bookworm-slim
#4 DONE 2.3s

#5 [internal] load .dockerignore
#5 transferring context: 2B done
#5 DONE 0.0s

#6 [ 1/11] FROM docker.io/library/node:22-bookworm-slim@sha256:83f487e0a63425e5b4d146fb5e5be574bcbe1b7b843d3ebafdd95eaf7767a7e5
#6 resolve docker.io/library/node:22-bookworm-slim@sha256:83f487e0a63425e5b4d146fb5e5be574bcbe1b7b843d3ebafdd95eaf7767a7e5 0.0s done
#6 DONE 0.0s

#7 [ 3/11] RUN node -e "const v=process.versions.node.split('.').map(Number); if (v[0] < 22 || (v[0] === 22 && v[1] < 16)) { console.error('Node.js >= 22.16.0 is required, found ' + process.versions.node); process.exit(1); } console.log('Node.js version check passed: ' + process.versions.node);"
#7 CACHED

#8 [ 7/11] RUN python3 - <<'PY'
#8 CACHED

#9 [ 4/11] RUN apt-get update     && apt-get install -y --no-install-recommends         ca-certificates         curl         git         openssh-client         python3         python3-venv         ripgrep     && rm -rf /var/lib/apt/lists/*
#9 CACHED

#10 [ 5/11] RUN python3 - <<'PY'
#10 CACHED

#11 [10/11] RUN useradd --uid 10000 --create-home --home-dir /opt/data --shell /bin/bash hermes     && mkdir -p /workspace     && chown -R hermes:hermes /opt/data /workspace     && chmod -R a+rX,go-w /opt/hermes
#11 CACHED

#12 [ 8/11] RUN python3 -m venv /opt/hermes/.venv     && /opt/hermes/.venv/bin/python -m pip install --no-cache-dir --upgrade pip     && /opt/hermes/.venv/bin/python -m pip install --no-cache-dir -e /opt/hermes
#12 CACHED

#13 [ 6/11] RUN set -eux;     release_tag="$(cat /tmp/hermes-release-tag)";     git clone --depth 1 --branch "${release_tag}"         https://github.com/NousResearch/hermes-agent.git /opt/hermes;     rm -rf /opt/hermes/.git /tmp/hermes-release-tag
#13 CACHED

#14 [ 9/11] RUN python - <<'PY'
#14 CACHED

#15 [ 2/11] RUN set -eux;     test -n "0.20.6" || (echo >&2 "ERROR: HERMES_VERSION is required. Use --build-arg HERMES_VERSION=0.x.x"; exit 1);     case "0.20.6" in       0.[0-9]*.[0-9]*) ;;       *) echo >&2 "ERROR: HERMES_VERSION must use the 0.x.x format"; exit 1 ;;     esac
#15 CACHED

#16 [11/11] WORKDIR /workspace
#16 CACHED

#17 exporting to image
#17 exporting layers
#17 exporting layers 0.0s done
#17 exporting manifest sha256:d6da7c5d84618e185421a758b0d24b0c36eb6c07f37c0b5a2981bd5c6ccaf201 0.1s done
#17 exporting config sha256:9b00a8e62e23629d4d00da3c33fc14937e09ffe2d4e8cd8d333f0c59616f8d99 done
#17 exporting attestation manifest sha256:efb3581d1355a537c0bb749f83252b086a8ab97fc5e5228099ad6ee052faaf1c 0.0s done
#17 exporting manifest list sha256:6ad0e6f88064bc0f5b9cf4c688c3dc329846722deea2416c594f340984e9d174
#17 exporting manifest list sha256:6ad0e6f88064bc0f5b9cf4c688c3dc329846722deea2416c594f340984e9d174 0.0s done
#17 naming to docker.io/library/hermes-week3:0.20.6 done
#17 unpacking to docker.io/library/hermes-week3:0.20.6 done
#17 DONE 0.1s

View build details: docker-desktop://dashboard/build/desktop-linux/desktop-linux/0gwv5wja92zmesvwkd4rkywuj
=== [2/5] Start persistent container ===
> docker run -d --name hermes-week3-0-20-6-20260909-022540 -p 127.0.0.1:8473:8420 --mount type=bind,source=E:\TencentDB\提交作业\memory-rhinobird-homework\heshiyu\week3\3-full-pipeline,target=/week3,readonly --mount type=bind,source=E:\TencentDB\提交作业\memory-rhinobird-homework\heshiyu\week3\3-full-pipeline\evidence\final-20260909,target=/week3-results --mount type=bind,source=E:\TencentDB\提交作业\memory-rhinobird-homework\heshiyu\week3\3-full-pipeline\.runtime\data-0.20.6-20260909-022540,target=/opt/data --mount type=bind,source=E:\TencentDB\提交作业\memory-rhinobird-homework\heshiyu\week3\3-full-pipeline\.runtime\npm-cache,target=/opt/npm-cache --env HERMES_SOAK_BASE_URL --env HERMES_SOAK_MODEL --env HERMES_SOAK_API_KEY --env TDAI_LLM_BASE_URL --env TDAI_LLM_MODEL --env TDAI_LLM_API_KEY --env TDAI_DATA_DIR --env TDAI_INSTALL_DIR --env TDAI_GATEWAY_CONFIG --env TDAI_GATEWAY_HOST --env TDAI_GATEWAY_PORT --env NPM_CONFIG_CACHE --env MEMORY_TENCENTDB_GATEWAY_HOST --env MEMORY_TENCENTDB_GATEWAY_PORT --env MEMORY_PACKAGE_SPEC --entrypoint /bin/sh hermes-week3:0.20.6 -c while true; do sleep 3600; done
e9a0ffe46a34360dbac0838162c0197ed28aeaccde0314be85cffbb913de49dc
=== [3/5] Install memory Gateway + Hermes provider + config ===
> docker exec hermes-week3-0-20-6-20260909-022540 bash /week3/container/install-memory.sh
[install-memory] package=@tencentdb-agent-memory/memory-tencentdb@1.0.1
[install-memory] install_dir=/workspace/.memory-tencentdb/tdai-memory-openclaw-plugin
[install-memory] data_dir=/opt/data/.memory-tencentdb/memory-tdai
npm warn deprecated node-domexception@1.0.0: Use your platform's native DOMException instead

added 295 packages, and audited 296 packages in 33s

61 packages are looking for funding
  run `npm fund` for details

25 vulnerabilities (23 moderate, 2 high)

To address issues that do not require attention, run:
  npm audit fix

To address all issues (including breaking changes), run:
  npm audit fix --force

Run `npm audit` for details.
[install-memory] PASS
=== [4/5] Start Gateway and wait for health ===
> docker exec -d hermes-week3-0-20-6-20260909-022540 sh -c cd "$TDAI_INSTALL_DIR" && exec node --import tsx src/gateway/server.ts >> "$HERMES_HOME/gateway.stdout.log" 2>> "$HERMES_HOME/gateway.stderr.log"
Gateway health: {"status":"ok","version":"0.1.0","uptime":0,"stores":{"vectorStore":true,"embeddingService":false},"services":{"timerScanner":{"scansCompleted":0,"tasksEnqueued":0,"scanErrors":0,"lastScanMs":0,"lastScanAt":0,"isLeader":true,"nodeId":"scanner-mtt03niz-mft3"},"pipelineWorker":{"tasksConsumed":0,"tasksCompleted":0,"tasksFailed":0,"tasksRetried":0,"tasksDeadLettered":0,"lockConflicts":0,"lockRenewFailed":0,"lockLostDuringExecution":0,"executionAborted":0,"workerId":"worker-mtt03nku-kzmi","deadLetterCount":0},"stateBackend":"connected"}}
=== [5/5] Run memory-rich soak and verify L0-L3 ===
> docker exec hermes-week3-0-20-6-20260909-022540 node /week3/hermes-standalone-soak.mjs --hermes hermes --rounds 6 --interval 1s --duration 15m --expected-version 0.20.6 --round-timeout 180s --scenario /week3/scenarios/memory-soak.json --session week3-memory-20260909-022540 --output /week3-results/soak --round-retries 2 --memory-probe-every 6 --probe-mode gateway --gateway-url http://127.0.0.1:8420 --probe-wait 300s --probe-poll 3s --log-file /opt/data/gateway.stderr.log
[2026-09-08T18:26:29.150Z] hermes-standalone-soak 2.1.0; output=/week3-results/soak
[2026-09-08T18:26:29.150Z] rounds=6; interval=1000ms; duration=900000ms; probeEvery=6; probeMode=gateway
[2026-09-08T18:26:29.469Z] Hermes version: 0.20.6
[2026-09-08T18:26:29.469Z] round 1/6: facts
[2026-09-08T18:26:52.162Z] round 1/6: PASS 22.69s
[2026-09-08T18:26:53.165Z] round 2/6: close
[2026-09-08T18:26:58.680Z] round 2/6: PASS 5.51s
[2026-09-08T18:26:59.682Z] round 3/6: facts
[2026-09-08T18:28:34.163Z] round 3/6: PASS 94.48s
[2026-09-08T18:28:42.792Z] probe database-preference: planted (pass)
[2026-09-08T18:28:43.796Z] round 4/6: close
[2026-09-08T18:30:24.087Z] round 4/6: PASS 100.29s
[2026-09-08T18:30:25.089Z] round 5/6: facts
[2026-09-08T18:32:41.316Z] round 5/6: PASS 136.22s
[2026-09-08T18:32:42.319Z] round 6/6: close
[2026-09-08T18:32:47.622Z] round 6/6: PASS 5.30s
[2026-09-08T18:32:47.655Z] probe database-preference: recall pass (3/3 keyword(s))
[2026-09-08T18:32:47.668Z] RESULT: PASS
[2026-09-08T18:32:47.668Z] Artifacts: /week3-results/soak
> docker exec hermes-week3-0-20-6-20260909-022540 node /week3/verify-memory.mjs --data-dir /opt/data/.memory-tencentdb/memory-tdai --gateway-url http://127.0.0.1:8420 --session-key week3-independent-20260909-022540 --expect LinXiao --expect Python --expect PowerShell --wait 240s --poll 3s --output /week3-results/memory-verification.json
[memory-verify] L0=ok L1=ok L2=ok L3=ok recall=ok
{
  "checked_at": "2026-09-08T18:32:47.820Z",
  "data_dir": "/opt/data/.memory-tencentdb/memory-tdai",
  "evidence_scope": "Artifact structure and recall content only; freshness, source linkage and factual correctness require an isolated fresh run and inspection.",
  "status": "pass",
  "passed": true,
  "layers": {
    "L0": {
      "passed": true,
      "records": 14,
      "invalid_records": 0,
      "files": [
        {
          "path": "conversations/2026-09-08.jsonl",
          "bytes": 4373,
          "modified_at": "2026-09-08T18:32:47.372Z",
          "preview": "{\"sessionKey\":\"20260908_182630_19a83d\",\"sessionId\":\"\",\"recordedAt\":\"2026-09-08T18:26:51.918Z\",\"id\":\"msg_1788892011916_f09193\",\"role\":\"user\",\"content\":\"请记住：我叫林晓，英文标识 LinXiao，是负责云数据库稳定性和自动化测试的数据库平台工程师；偏好用 Python 和 PowerShell 写自动化脚本；每周六上午打羽毛球；生产数据库变更必须先备份并制定回滚方案，不接受周五晚上部署；曾通过连接池限流和慢查询治理把订单数据库高峰延迟降低百分之四十。请简短确认。\",\"timestamp\":1788892011916}\n{\"sessionKey\":\"20260908_182630_19a83d\",\"sessionId\":\"\",\"recordedAt\":\"2026-09-08T18:26:51.918Z\",\"id\":\"msg_1788892011916_c9c6af\",\"role\":\"assistant\",\"content\":\"收到，林晓（LinXiao）。我已了解你的职业背景、技术偏好、羽毛球安排及生产变更要求；不过本次记忆保存工具未成功。\",\"timestamp\":1788892011916}\n{\"sessionKey\":\"20260908_182630_19a83d\",\"sessionId\":\"\",\"recordedAt\":\"2026-09-08T18:26:58.439Z\",\"id\":\"msg_1788892018437_f3b720\",\"role\":\"user\",\"content\":\"以上是本次测试的连续事实信息。请只回复：记录完成\",\"timestamp\":1788892018437}\n{\"sessionKey\":\"20260908_182630_19a83d\",\"sessionId\":\"\",\"recordedAt\":\"2026-09-08T18:26:58.439Z\",\"id\":\"msg_1788892018437_8bbe77\",\"role\":\"assistant\",\"content\":\"记录完成\",\"timestamp\":1788892018437}\n{\"sessionKey\":\"20260908_182630_19a83d\",\"sessionId\":\"\",\"recordedAt\":\"2026-09-08T18:28:33.927Z\",\"id\":\"msg_1788892113924_6baca7\",\"role\":\"user\",\"content\":\"请记住：我叫林晓，英文标识 LinXiao，是负责云数据库稳定性和自动化测试的数据库平台工程师；偏好用 Python 和 PowerShell 写自动化脚本；每周六上午打羽毛球；生产数据库变更必须先备份并制定回滚方案，不接受周五晚上部署；曾通过连接池限流和慢查询治理把订单数据库高峰延迟降低百分之四十。请简短确认。\",\"timestamp\":1788892113924}\n{\"sessionKey\":\"20260908_182630_19a83d\",\"sessionId\":\"\",\"recordedAt\":\"2026-09-08T18:28:33.927Z\",\"id\":\"msg_1788892113924_66e36c\",\"role\":\"assistant\",\"content\":\"已记录，林晓（LinXiao）。\",\"timestamp\":1788892113924}\n{\"sessionKey\":\"20260908_182630_19a83d\",\"sessionId\":\"\",\"recordedAt\":\"2026-09-08T18:28:42.556Z\",\"id\":\"msg_1788892122555_d771c3\",\"role\":\"user\",\"content\":\"请记住：我叫 LinXiao，偏好使用 Python 和 PowerShell 写自动化脚本。请简短确认。\",\"timestamp\":1788892122555}\n{\"sessionKey\":\"20260908_182630_19a83d\",\"sessionId\":\"\",\"recordedAt\":\"2026-09-08T18:28:42.556Z\",\"id\":\"msg_1788892122555_a8b992\",\"role\":\"assistant\",\"content\":\"已记录。\",\"timestamp\":1788892122555}\n{\"sessionKey\":\"20260908_182630_19a83d\",\"sessionId\":\"\",\"recordedAt\":\"2026-09-08T18:30:23.853Z\",\"id\":\"msg_1788892223851_acd679\",\"role\":\"user\",\"content\":\"以上是本次测试的连续事实信息。请只回复：记录完成\",\"timestamp\":1788892223851}\n{\"sessionKey\":\"20260908_182630_19a83d\",\"sessionId\":\"\",\"recordedAt\":\"2026-09-08T18:30:23.853Z\",\"id\":\"msg_1788892223851_d378e3\",\"role\":\"assistant\",\"content\":\"记录完成\",\"timestamp\":1788892223851}\n{\"sessionKey\":\"20260908_182630_19a83d\",\"sessionId\":\"\",\"recordedAt\":\"2026-09-08T18:32:41.080Z\",\"id\":\"msg_1788892361078_4d71eb\",\"role\":\"user\",\"content\":\"请记住：我叫林晓，英文标识 LinXiao，是负责云数据库稳定性和自动化测试的数据库平台工程师；偏好用 Python 和 PowerShell 写自动化脚本；每周六上午打羽毛球；生产数据库变更必须先备份并制定回滚方案，不接受周五晚上部署；曾通过连接池限流和慢查询治理把订单数据库高峰延迟降低百分之四十。请简短确认。\",\"timestamp\":1788892361078}\n{\"sessionKey\":\"20260908_182630_19a83d\",\"sessionId\":\"\",\"recordedAt\":\"2026-09-08T18:32:41.080Z\",\"id\":\"msg_1788892361078_050247\",\"role\":\"ass",
          "preview_truncated": true
        }
      ]
    },
    "L1": {
      "passed": true,
      "records": 11,
      "invalid_records": 0,
      "files": [
        {
          "path": "records/2026-09-08.jsonl",
          "bytes": 5736,
          "modified_at": "2026-09-08T18:29:45.308Z",
          "preview": "{\"id\":\"m_1788892032535_46ac9a54\",\"content\":\"用户林晓（英文标识 LinXiao）是一名负责云数据库稳定性和自动化测试的数据库平台工程师。\",\"type\":\"persona\",\"priority\":90,\"scene_name\":\"我在和数据库平台工程师林晓建立个人档案与工作偏好\",\"source_message_ids\":[\"l0_20260908_182630_19a83d_1788892011926_0_415b22\"],\"metadata\":{},\"timestamps\":[\"2026-09-08T18:27:12.541Z\"],\"createdAt\":\"2026-09-08T18:27:12.541Z\",\"updatedAt\":\"2026-09-08T18:27:12.541Z\",\"sessionKey\":\"20260908_182630_19a83d\",\"sessionId\":\"\"}\n{\"id\":\"m_1788892032535_e9e4638d\",\"content\":\"用户林晓偏好使用 Python 和 PowerShell 编写自动化脚本。\",\"type\":\"persona\",\"priority\":65,\"scene_name\":\"我在和数据库平台工程师林晓建立个人档案与工作偏好\",\"source_message_ids\":[\"l0_20260908_182630_19a83d_1788892011926_0_415b22\"],\"metadata\":{},\"timestamps\":[\"2026-09-08T18:27:12.560Z\"],\"createdAt\":\"2026-09-08T18:27:12.560Z\",\"updatedAt\":\"2026-09-08T18:27:12.560Z\",\"sessionKey\":\"20260908_182630_19a83d\",\"sessionId\":\"\"}\n{\"id\":\"m_1788892032535_358b6fc3\",\"content\":\"用户林晓习惯每周六上午打羽毛球。\",\"type\":\"persona\",\"priority\":55,\"scene_name\":\"我在和数据库平台工程师林晓建立个人档案与工作偏好\",\"source_message_ids\":[\"l0_20260908_182630_19a83d_1788892011926_0_415b22\"],\"metadata\":{},\"timestamps\":[\"2026-09-08T18:27:12.573Z\"],\"createdAt\":\"2026-09-08T18:27:12.573Z\",\"updatedAt\":\"2026-09-08T18:27:12.573Z\",\"sessionKey\":\"20260908_182630_19a83d\",\"sessionId\":\"\"}\n{\"id\":\"m_1788892032535_d438bb41\",\"content\":\"用户林晓要求生产数据库变更必须先完成备份并制定回滚方案，且不接受在周五晚上部署。\",\"type\":\"persona\",\"priority\":90,\"scene_name\":\"我在和数据库平台工程师林晓建立个人档案与工作偏好\",\"source_message_ids\":[\"l0_20260908_182630_19a83d_1788892011926_0_415b22\"],\"metadata\":{},\"timestamps\":[\"2026-09-08T18:27:12.587Z\"],\"createdAt\":\"2026-09-08T18:27:12.587Z\",\"updatedAt\":\"2026-09-08T18:27:12.587Z\",\"sessionKey\":\"20260908_182630_19a83d\",\"sessionId\":\"\"}\n{\"id\":\"m_1788892032536_fc9709d0\",\"content\":\"用户林晓曾通过连接池限流和慢查询治理，将订单数据库的高峰延迟降低了百分之四十。\",\"type\":\"episodic\",\"priority\":80,\"scene_name\":\"我在和数据库平台工程师林晓建立个人档案与工作偏好\",\"source_message_ids\":[\"l0_20260908_182630_19a83d_1788892011926_0_415b22\"],\"metadata\":{},\"timestamps\":[\"2026-09-08T18:27:12.602Z\"],\"createdAt\":\"2026-09-08T18:27:12.602Z\",\"updatedAt\":\"2026-09-08T18:27:12.602Z\",\"sessionKey\":\"20260908_182630_19a83d\",\"sessionId\":\"\"}\n{\"id\":\"m_1788892138648_eebcfd91\",\"content\":\"用户（林晓，英文标识 LinXiao）是负责云数据库稳定性和自动化测试的数据库平台工程师。\",\"type\":\"persona\",\"priority\":90,\"scene_name\":\"我在和数据库平台工程师林晓建立个人档案与工作偏好\",\"source_message_ids\":[\"l0_20260908_182630_19a83d_1788892113932_0_671da6\"],\"metadata\":{},\"timestamps\":[\"2026-09-08T18:28:58.651Z\"],\"createdAt\":\"2026-09-08T18:28:58.651Z\",\"updatedAt\":\"2026-09-08T18:28:58.651Z\",\"sessionKey\":\"20260908_182630_19a83d\",\"sessionId\":\"\"}\n{\"id\":\"m_1788892138648_43381f69\",\"content\":\"用户（林晓）偏好使用 Python 和 PowerShell 编写自动化脚本。\",\"type\":\"persona\",\"priority\":70,\"scene_name\":\"我在和数据库平台工程师林晓建立个人档案与工作偏好\",\"source_message_ids\":[\"l0_20260908_182630_19a83d_1788892113932_0_671da6\"],\"metadata\":{},\"timestamps\":[\"2026-09-08T18:28:58.667Z\"],\"createdAt\":\"202",
          "preview_truncated": true
        }
      ]
    },
    "L2": {
      "passed": true,
      "files": [
        {
          "path": "scene_blocks/数据库平台工程与稳定性.md",
          "bytes": 2169,
          "modified_at": "2026-09-08T18:30:20.059Z",
          "preview": "-----META-START-----\ncreated: 2026-09-08T18:27:13.642Z\nupdated: 2026-09-08T18:29:46.342Z\nsummary: 林晓是负责云数据库稳定性与自动化测试的数据库平台工程师，偏好使用Python和PowerShell编写自动化脚本，重视可恢复性、发布边界与系统化治理，以限流和慢查询治理降低订单库高峰延迟。\nheat: 3\n-----META-END-----\n\n## 用户基础信息\n-姓名：林晓（LinXiao）\n-职业：数据库平台工程师\n-职责：云数据库稳定性与自动化测试\n\n## 用户核心特征\n林晓将可恢复性、自动化和长期稳定性视为数据库平台工作的核心标准。面对性能与发布风险时，他倾向于通过系统治理和脚本化手段减少人为操作，而不是依赖临时补救；常用 Python 与 PowerShell 把重复性运维转化为可复用流程。\n\n## 用户偏好\n- 偏好使用 Python 和 PowerShell 编写自动化脚本。\n- 生产数据库变更前必须完成备份并制定回滚方案。\n- 不接受周五晚上部署生产变更。\n- 每周六上午打羽毛球。\n\n## 隐性信号\n林晓对自动化工具和恢复方案的共同偏好，说明他重视的不只是效率，也是在主动压缩人为失误、故障响应和不可逆变更带来的不确定性。他倾向于把责任前置，通过脚本、备份和明确的发布窗口换取稳定的交付边界。\n\n## 核心叙事\n作为负责云数据库稳定性和自动化测试的平台工程师，林晓在订单数据库高峰延迟问题面前，没有停留在临时扩容或单点告警，而是从连接池与查询质量两端治理：实施连接池限流并推进慢查询治理，最终将高峰延迟降低了百分之四十。为减少类似问题中的重复操作和人为风险，他偏好使用 Python、PowerShell 编写自动化脚本，将运维步骤沉淀为可执行流程。相同的风险意识也贯穿生产变更：坚持先备份、明确回滚路径，并避开周五晚上部署，以确保发生故障时仍有恢复条件和充足响应窗口。工作之外，他通过每周六上午打羽毛球维持稳定的个人恢复节奏。\n\n## 演变轨迹\n\n## 待确认/矛盾点\n",
          "preview_truncated": false
        }
      ]
    },
    "L3": {
      "passed": true,
      "files": [
        {
          "path": "persona.md",
          "bytes": 3599,
          "modified_at": "2026-09-08T18:31:06.322Z",
          "preview": "# User Narrative Profile\n\n> **Archetype (核心原型)**: 一位以可恢复性和自动化为核心、用系统性治理换取长期稳定的数据库平台工程师。\n\n> **基本信息**\n- 姓名：林晓（LinXiao）\n- 职业：数据库平台工程师\n- 职责：云数据库稳定性与自动化测试\n\n> **长期偏好**\n- 偏好使用 Python 和 PowerShell 编写自动化脚本。\n- 生产变更先备份、先制定回滚方案，并避开周五晚上部署。\n- 每周六上午固定打羽毛球。\n\n## 📖 Chapter 1: Context & Current State (全景语境)\n\n林晓负责云数据库稳定性与自动化测试，关注的不只是故障响应，更是变更是否可控、问题是否可恢复以及系统能否长期稳定运行。面对订单数据库高峰期延迟，林晓从连接池使用和查询执行两条路径推进治理，通过连接池限流与慢查询治理，使高峰延迟降低百分之四十。这体现出其倾向用工程化、系统性的改进替代临时扩容或应急处置。\n\n## 🎨 Chapter 2: The Texture of Life (生活的肌理)\n\n林晓的工作方式与生活节奏都带有明确的边界感和持续性：工作中重视备份、回滚和合适的发布窗口，生活中保留每周六上午打羽毛球的固定时段。自动化工具偏好与规律运动共同呈现出一种稳定、务实、重视长期状态维护的生活品味。\n\n## 🤖 Chapter 3: Interaction & Cognitive Protocol (交互与认知协议)\n\n### 3.1 沟通策略 (How to Speak)\n沟通应直接、结构清晰、面向执行。讨论数据库或生产变更时，优先说明风险、影响范围、备份状态、回滚路径和验证方式；不要只给临时修复，也不要忽略发布时机与处置窗口。涉及自动化时，可优先考虑 Python 或 PowerShell 方案。\n\n### 3.2 决策逻辑 (How to Think)\n优先选择可观测、可验证、可回退的方案，再追求速度。面对性能问题，应沿资源使用与查询执行等系统路径定位根因，通过限流、治理和自动化降低重复风险；生产操作应保留清晰恢复路径，避免在周五晚上等响应空间不足的时段发布。\n\n## 🧩 Chapter 4: Deep Insights & Evolution (深层洞察与演变)\n\n* **矛盾统一性**: 林晓追求交付效果，但不以牺牲可恢复性换取短期速度；谨慎并非保守，而是为持续交付建立安全边界。\n* **演变轨迹**: 已从处理表面告警转向连接池与慢查询等系统性治理，并以实际延迟下降验证工程方案的价值。\n* **涌现特征**:\n  - `可恢复性优先` - 先建立备份与回滚路径\n  - `系统性治理` - 从根因而非表象解决问题\n  - `自动化导向` - 偏好脚本化和工程化手段\n  - `发布纪律` - 主动规避高风险部署窗口\n  - `节奏稳定` - 用固定运动维持长期状态\n\n---\n## 🗺️ Scene Navigation (Scene Index)\n*以下是当前场景记忆的索引，可根据需要 read 读取详细内容。*\n\n### Path: scene_blocks/数据库平台工程与稳定性.md\n**热度**: 3 | **更新**: 2026-09-08T18:29:46.342Z\nSummary: 林晓是负责云数据库稳定性与自动化测试的数据库平台工程师，偏好使用Python和PowerShell编写自动化脚本，重视可恢复性、发布边界与系统化治理，以限流和慢查询治理降低订单库高峰延迟。\n\n📌 使用说明：\n- Path 是 scene block 的绝对路径，可直接使用 **read** 工具读取完整内容（参数: filePath）\n- 热度：该场景被记忆命中的累计次数，越高越重要\n- Summary：场景的核心要点摘要\n",
          "preview_truncated": false
        }
      ]
    }
  },
  "gateway": {
    "health": {
      "ok": true,
      "status": 200,
      "body": {
        "status": "ok",
        "version": "0.1.0",
        "uptime": 380,
        "stores": {
          "vectorStore": true,
          "embeddingService": false
        },
        "services": {
          "timerScanner": {
            "scansCompleted": 760,
            "tasksEnqueued": 0,
            "scanErrors": 0,
            "lastScanMs": 0,
            "lastScanAt": 1788892367646,
            "isLeader": true,
            "nodeId": "scanner-mtt03niz-mft3"
          },
          "pipelineWorker": {
            "tasksConsumed": 18,
            "tasksCompleted": 16,
            "tasksFailed": 0,
            "tasksRetried": 0,
            "tasksDeadLettered": 0,
            "lockConflicts": 7,
            "lockRenewFailed": 0,
            "lockLostDuringExecution": 0,
            "executionAborted": 0,
            "workerId": "worker-mtt03nku-kzmi",
            "deadLetterCount": 0
          },
          "stateBackend": "connected"
        }
      }
    },
    "recall": {
      "passed": true,
      "query": "我的职业、脚本语言偏好、周末习惯和生产部署约束是什么？",
      "session_key": "week3-independent-20260909-022540",
      "expected_keywords": [
        {
          "keyword": "LinXiao",
          "found": true
        },
        {
          "keyword": "Python",
          "found": true
        },
        {
          "keyword": "PowerShell",
          "found": true
        }
      ],
      "response": {
        "context": "<user-persona>\n# User Narrative Profile\n\n> **Archetype (核心原型)**: 一位以可恢复性和自动化为核心、用系统性治理换取长期稳定的数据库平台工程师。\n\n> **基本信息**\n- 姓名：林晓（LinXiao）\n- 职业：数据库平台工程师\n- 职责：云数据库稳定性与自动化测试\n\n> **长期偏好**\n- 偏好使用 Python 和 PowerShell 编写自动化脚本。\n- 生产变更先备份、先制定回滚方案，并避开周五晚上部署。\n- 每周六上午固定打羽毛球。\n\n## 📖 Chapter 1: Context & Current State (全景语境)\n\n林晓负责云数据库稳定性与自动化测试，关注的不只是故障响应，更是变更是否可控、问题是否可恢复以及系统能否长期稳定运行。面对订单数据库高峰期延迟，林晓从连接池使用和查询执行两条路径推进治理，通过连接池限流与慢查询治理，使高峰延迟降低百分之四十。这体现出其倾向用工程化、系统性的改进替代临时扩容或应急处置。\n\n## 🎨 Chapter 2: The Texture of Life (生活的肌理)\n\n林晓的工作方式与生活节奏都带有明确的边界感和持续性：工作中重视备份、回滚和合适的发布窗口，生活中保留每周六上午打羽毛球的固定时段。自动化工具偏好与规律运动共同呈现出一种稳定、务实、重视长期状态维护的生活品味。\n\n## 🤖 Chapter 3: Interaction & Cognitive Protocol (交互与认知协议)\n\n### 3.1 沟通策略 (How to Speak)\n沟通应直接、结构清晰、面向执行。讨论数据库或生产变更时，优先说明风险、影响范围、备份状态、回滚路径和验证方式；不要只给临时修复，也不要忽略发布时机与处置窗口。涉及自动化时，可优先考虑 Python 或 PowerShell 方案。\n\n### 3.2 决策逻辑 (How to Think)\n优先选择可观测、可验证、可回退的方案，再追求速度。面对性能问题，应沿资源使用与查询执行等系统路径定位根因，通过限流、治理和自动化降低重复风险；生产操作应保留清晰恢复路径，避免在周五晚上等响应空间不足的时段发布。\n\n## 🧩 Chapter 4: Deep Insights & Evolution (深层洞察与演变)\n\n* **矛盾统一性**: 林晓追求交付效果，但不以牺牲可恢复性换取短期速度；谨慎并非保守，而是为持续交付建立安全边界。\n* **演变轨迹**: 已从处理表面告警转向连接池与慢查询等系统性治理，并以实际延迟下降验证工程方案的价值。\n* **涌现特征**:\n  - `可恢复性优先` - 先建立备份与回滚路径\n  - `系统性治理` - 从根因而非表象解决问题\n  - `自动化导向` - 偏好脚本化和工程化手段\n  - `发布纪律` - 主动规避高风险部署窗口\n  - `节奏稳定` - 用固定运动维持长期状态\n</user-persona>\n\n<scene-navigation>\n---\n## 🗺️ Scene Navigation (Scene Index)\n*以下是当前场景记忆的索引，可根据需要 read 读取详细内容。*\n\n### Path: /opt/data/.memory-tencentdb/memory-tdai/scene_blocks/数据库平台工程与稳定性.md\n**热度**: 3 | **更新**: 2026-09-08T18:29:46.342Z\nSummary: 林晓是负责云数据库稳定性与自动化测试的数据库平台工程师，偏好使用Python和PowerShell编写自动化脚本，重视可恢复性、发布边界与系统化治理，以限流和慢查询治理降低订单库高峰延迟。\n\n📌 使用说明：\n- Path 是 scene block 的绝对路径，可直接使用 **read** 工具读取完整内容（参数: filePath）\n- 热度：该场景被记忆命中的累计次数，越高越重要\n- Summary：场景的核心要点摘要\n</scene-navigation>\n\n<memory-tools-guide>\n## 记忆工具调用指南\n\n当上方注入的记忆片段不足以回答用户问题时，可主动调用以下工具获取更多信息：\n\n- **tdai_memory_search**：搜索结构化记忆（L1），适用于回忆用户偏好、历史事件节点、规则等关键信息。\n- **tdai_conversation_search**：搜索原始对话（L0），适用于查找具体消息原文、时间线、上下文细节；也可用于补充或校验 memory_search 的结果。\n- **read_file**（Scene Navigation 中的路径）：当已定位到相关情境，且需要该场景的完整画像、事件经过或阶段结论时使用。\n\n### ⚠️ 调用次数限制\n每轮对话中，tdai_memory_search 和 tdai_conversation_search **合计最多调用 3 次**。\n- 首次搜索无结果时，可换关键词或换工具重试，但总调用次数不要超过 3 次。\n- 若 3 次搜索后仍无结果，说明该信息不在记忆中，请直接根据已有信息回复用户，不要继续搜索。\n</memory-tools-guide>",
        "strategy": "keyword",
        "memory_count": 6,
        "code": 0,
        "message": "ok",
        "retryable": false
      },
      "http_status": 200
    }
  },
  "waited_ms": 55
}
> docker rm -f hermes-week3-0-20-6-20260909-022540
hermes-week3-0-20-6-20260909-022540
